[
    {
        "name": "DJI_0237_2024-05-16.mp4",
        "status": "interrupted",
        "creation_time": "2024-05-16T15:21:44.000000Z",
        "config": null,
        "clips": [
            {
                "name": "DJI_0237.MP4",
                "duration": "00:03:14.73",
                "path": "C:/Users/Andre/Desktop/Code/o3_auto_encode/tests/test_files/144p/DJI_0237.MP4",
                "creation_time": "2024-05-16T15:21:44.000000Z",
                "creation_time_unix": 1715872904.0,
                "duration_s": 194.73,
                "delta": 0.0,
                "frames": 11672
            },
            {
                "name": "DJI_0238.MP4",
                "duration": "00:00:55.29",
                "path": "C:/Users/Andre/Desktop/Code/o3_auto_encode/tests/test_files/144p/DJI_0238.MP4",
                "creation_time": "2024-05-16T15:25:00.000000Z",
                "creation_time_unix": 1715873100.0,
                "duration_s": 55.29,
                "delta": 1.2699999809265137,
                "frames": 3314
            }
        ]
    },
    {
        "name": "DJI_0239_2024-05-16.mp4",
        "status": "found",
        "creation_time": "2024-05-16T15:26:51.000000Z",
        "config": null,
        "clips": [
            {
                "name": "DJI_0239.MP4",
                "duration": "00:03:19.50",
                "path": "C:/Users/Andre/Desktop/Code/o3_auto_encode/tests/test_files/144p/DJI_0239.MP4",
                "creation_time": "2024-05-16T15:26:51.000000Z",
                "creation_time_unix": 1715873211.0,
                "duration_s": 199.5,
                "delta": 55.71000003814697,
                "frames": 11958
            },
            {
                "name": "DJI_0240.MP4",
                "duration": "00:01:28.39",
                "path": "C:/Users/Andre/Desktop\\Code\\o3_auto_encode\\tests\\test_files\\144p\\DJI_0240.MP4",
                "creation_time": "2024-05-16T15:30:12.000000Z",
                "creation_time_unix": 1715873412.0,
                "duration_s": 88.39,
                "delta": 1.5,
                "frames": 5298
            }
        ]
    }
]